version https://git-lfs.github.com/spec/v1
oid sha256:17c8e320ae189de0d144a4b4b8b7a1089ae8e8dffebf59a3a3aded1aedcc55ea
size 91783168
